сс          П:╪▓ў        сс          П:╪▓°        сс          П:╪▓∙       123сс          П:╪▓∙       	asdf||сс          П:╪▓·       	asdf||сс          П:╪▓·       	asdf||сс          П:╪▓√       	asdf||сс          П:╪▓√       	asdf||сс          П:╪▓√       	asdf||сс          П:╪▓√       	asdf||сс          П:╪▓№       	asdf||сс          П:╪▓№       	asdf||сс          П:╪▓№       	asdf||сс          П:╪▓№       	asdf||сс          П:╪▓№       	asdf||сс          П:╪▓№       	asdf||сс          П:╪▓¤       	asdf||сс          П:╪▓¤       	asdf||сс          П:╪▓¤       	asdf||сс          П:╪▓¤       	asdf||сс          П:╪▓¤       	asdf||сс          П:╪▓¤       	asdf||сс          П:╪▓■       	asdf||сс          П:╪▓■        сс          П:┘D[        сс          П:┘D[        сс          П:┘D\       123сс          П:┘D\       	asdf||сс          П:┘D\       	asdf||сс          П:┘D\       	asdf||сс          П:┘D]       	asdf||сс          П:┘D]       	asdf||сс          П:┘D]       	asdf||сс          П:┘D]       	asdf||сс          П:┘D]       	asdf||сс          П:┘D^       	asdf||сс          П:┘D^       	asdf||сс          П:┘D^       	asdf||сс          П:┘D^       	asdf||сс          П:┘D_       	asdf||сс          П:┘D_       	asdf||сс          П:┘D_       	asdf||сс          П:┘D`       	asdf||сс          П:┘D`       	asdf||сс          П:┘D`       	asdf||сс          П:┘D`       	asdf||сс          П:┘D`       	asdf||сс          П:┘Da        